components/AdminDashboard.tsx(2362,262): error TS1002: Unterminated string literal.
components/AdminDashboard.tsx(2363,39): error TS1005: ')' expected.
components/AdminDashboard.tsx(2373,35): error TS1128: Declaration or statement expected.
components/AdminDashboard.tsx(2373,37): error TS17002: Expected corresponding JSX closing tag for 'tbody'.
components/AdminDashboard.tsx(2418,33): error TS17002: Expected corresponding JSX closing tag for 'table'.
components/AdminDashboard.tsx(2420,28): error TS1381: Unexpected token. Did you mean `{'}'}` or `&rbrace;`?
components/AdminDashboard.tsx(2421,26): error TS1381: Unexpected token. Did you mean `{'}'}` or `&rbrace;`?
components/AdminDashboard.tsx(2453,24): error TS17002: Expected corresponding JSX closing tag for 'div'.
components/AdminDashboard.tsx(2454,20): error TS1005: ')' expected.
components/AdminDashboard.tsx(2454,22): error TS17002: Expected corresponding JSX closing tag for 'div'.
components/AdminDashboard.tsx(2455,18): error TS1005: ')' expected.
components/AdminDashboard.tsx(2456,17): error TS1005: ':' expected.
components/AdminDashboard.tsx(2459,10): error TS1005: ',' expected.
components/AdminDashboard.tsx(2459,11): error TS1134: Variable declaration expected.
components/AdminDashboard.tsx(2459,12): error TS1109: Expression expected.
components/AdminDashboard.tsx(2459,13): error TS1128: Declaration or statement expected.
components/AdminDashboard.tsx(2460,9): error TS1128: Declaration or statement expected.
components/AdminDashboard.tsx(2461,7): error TS1109: Expression expected.
components/AdminDashboard.tsx(2461,9): error TS1128: Declaration or statement expected.
components/AdminDashboard.tsx(2524,15): error TS1128: Declaration or statement expected.
components/AdminDashboard.tsx(2525,5): error TS1128: Declaration or statement expected.
components/AdminDashboard.tsx(2526,3): error TS1109: Expression expected.
components/AdminDashboard.tsx(2527,1): error TS1128: Declaration or statement expected.
